// Jest Snapshot v1, https://goo.gl/fbAQLP

exports[`기존 사진이랑 바뀐게 없는지 비교해보자!! - 스냅샷 테스트 1`] = `
<div>
  <div>
    <div>
      영희는 13살 입니다.
    </div>
    영희의 취미 입력하기: 
    <input
      type="text"
    />
    <button>
      훈이랑 놀러가기
    </button>
  </div>
</div>
`;
